Run: rs18_quick_screen_11V_20260728_120220
Frozen condition: 11 V, 3 m, 2 coded bits/s
Frames: 5; QNX session: 6.00 minutes
Prelaunch transmitter-off capture: 120 seconds
Minimum capture: 8.00 minutes
Serial: /dev/cu.usbmodem1201
Capture ready; preserving 120s transmitter-off baseline
2026-07-28T16:04:23.148248Z RS18 running; capture PID 76945
2026-07-28T16:04:33.900602Z RS18 running; capture PID 76945
2026-07-28T16:04:44.343214Z RS18 running; capture PID 76945
2026-07-28T16:04:54.670636Z RS18 running; capture PID 76945
2026-07-28T16:05:05.121791Z RS18 running; capture PID 76945
2026-07-28T16:05:15.549983Z RS18 running; capture PID 76945
2026-07-28T16:05:25.867625Z RS18 running; capture PID 76945
2026-07-28T16:05:36.387030Z RS18 running; capture PID 76945
2026-07-28T16:05:46.750087Z RS18 running; capture PID 76945
2026-07-28T16:05:57.123743Z RS18 running; capture PID 76945
2026-07-28T16:06:07.476916Z RS18 running; capture PID 76945
2026-07-28T16:06:17.787473Z RS18 running; capture PID 76945
2026-07-28T16:06:28.113835Z RS18 running; capture PID 76945
2026-07-28T16:06:38.455150Z RS18 running; capture PID 76945
2026-07-28T16:06:48.804090Z RS18 running; capture PID 76945
2026-07-28T16:06:59.144313Z RS18 running; capture PID 76945
2026-07-28T16:07:09.518756Z RS18 running; capture PID 76945
2026-07-28T16:07:19.822734Z RS18 running; capture PID 76945
2026-07-28T16:07:30.185530Z RS18 running; capture PID 76945
2026-07-28T16:07:40.691721Z RS18 running; capture PID 76945
2026-07-28T16:07:51.193505Z RS18 running; capture PID 76945
2026-07-28T16:08:01.695037Z RS18 running; capture PID 76945
2026-07-28T16:08:12.673266Z RS18 running; capture PID 76945
2026-07-28T16:08:23.162924Z RS18 running; capture PID 76945
2026-07-28T16:08:33.608797Z RS18 running; capture PID 76945
2026-07-28T16:08:43.949391Z RS18 running; capture PID 76945
2026-07-28T16:08:56.498279Z RS18 running; capture PID 76945
2026-07-28T16:09:06.886943Z RS18 running; capture PID 76945
2026-07-28T16:09:17.247820Z RS18 running; capture PID 76945
2026-07-28T16:09:29.777962Z RS18 running; capture PID 76945
2026-07-28T16:09:40.150422Z RS18 running; capture PID 76945
2026-07-28T16:09:50.485124Z RS18 running; capture PID 76945
2026-07-28T16:10:00.821725Z RS18 running; capture PID 76945
2026-07-28T16:10:11.245588Z RS18 running; capture PID 76945
2026-07-28T16:10:21.768580Z RS18 running; capture PID 76945
RS18 capture complete: /Users/msteitieh/Desktop/CU-hakcing-captures/rs18-quick-screen/raw/rs18_quick_screen_11V_20260728_120220.csv
Validated QNX manifest: /Users/msteitieh/Desktop/CU-hakcing-captures/rs18-quick-screen/manifests/qnx/rs18_quick_screen_11V_20260728_120220.transmitter.csv
