
  ____   ___   ____ _  _____
 |  _ \ / _ \ / ___| |/ / _ \    cave explorer safety beacon
 | |_) | | | | |   | ' / | | |   surface receiver
 |  _ <| |_| | |___| . \ |_| |   silence is the alarm
 |_| \_\\___/ \____|_|\_\___/

[#0001] 2026-07-24T20:20:51  CAPTURE listening on /dev/cu.usbmodem1201 -> /Users/msteitieh/Desktop/CU-hakcing-captures/current-hamming/raw/diagnostic_6V_10p_1p_20260724_202039.csv
[#0002] 2026-07-24T20:20:51  READY   layered Hamming(7,4) decode after 5s silence (28 bits at 0.5 bit/s, 8 Hz bandpass, 15s gap)
[#0003] 2026-07-24T20:20:52  SIGNAL  carrier detected — recording beacon
[#0004] 2026-07-24T20:21:37  SYNC    coded tilde locked t=8293.92s score=1.83/2.00
[#0005] 2026-07-24T20:22:05  LAYER   naive-max OK header=0x7E letter=A parity=ok confidence=0.87
[#0006] 2026-07-24T20:22:05  LAYER   L1        OK header=0x7E letter=A parity=ok confidence=1.30
[#0007] 2026-07-24T20:22:05  LAYER   L2        OK header=0x7E letter=A parity=ok confidence=1.13
[#0008] 2026-07-24T20:22:05  LAYER   L3        OK header=0x7E letter=A parity=ok confidence=0.99
[#0009] 2026-07-24T20:22:05  LAYER   L4        OK header=0x7E letter=A parity=ok confidence=3.22
[#0010] 2026-07-24T20:22:10  DECODE  header=~ letter=A layer=L4 successful=naive-max,L1,L2,L3,L4
[#0011] 2026-07-24T20:22:10  SYNC    coded tilde locked t=8320.08s score=0.86/2.00
[#0012] 2026-07-24T20:22:31  LAYER   naive-max -- header=0x6C letter=( parity=bad confidence=0.59
[#0013] 2026-07-24T20:22:31  LAYER   L1        -- header=0x6C letter=\xac parity=ok confidence=0.63
[#0014] 2026-07-24T20:22:31  LAYER   L2        -- header=0x6C letter=\xac parity=ok confidence=0.89
[#0015] 2026-07-24T20:22:31  LAYER   L3        -- header=0x6C letter=\xa9 parity=ok confidence=1.09
[#0016] 2026-07-24T20:22:31  LAYER   L4        -- header=0x6C letter=\xac parity=ok confidence=1.34
[#0017] 2026-07-24T20:22:48  SYNC    coded tilde locked t=8365.23s score=1.75/2.00
[#0018] 2026-07-24T20:22:55  SIGNAL  carrier detected — recording beacon
[#0019] 2026-07-24T20:23:17  LAYER   naive-max OK header=0x7E letter=A parity=ok confidence=0.81
[#0020] 2026-07-24T20:23:17  LAYER   L1        OK header=0x7E letter=A parity=ok confidence=1.24
[#0021] 2026-07-24T20:23:17  LAYER   L2        OK header=0x7E letter=A parity=ok confidence=1.26
[#0022] 2026-07-24T20:23:17  LAYER   L3        OK header=0x7E letter=A parity=ok confidence=1.13
[#0023] 2026-07-24T20:23:17  LAYER   L4        OK header=0x7E letter=A parity=ok confidence=3.17
[#0024] 2026-07-24T20:23:21  DECODE  header=~ letter=A layer=L4 successful=naive-max,L1,L2,L3,L4
[#0025] 2026-07-24T20:23:21  SYNC    coded tilde locked t=8391.44s score=0.86/2.00
[#0026] 2026-07-24T20:23:43  LAYER   naive-max -- header=0x6C letter=\xc1 parity=bad confidence=0.46
[#0027] 2026-07-24T20:23:43  LAYER   L1        -- header=0x6C letter=\xa9 parity=ok confidence=0.56
[#0028] 2026-07-24T20:23:43  LAYER   L2        -- header=0x6C letter=\xa1 parity=ok confidence=1.05
[#0029] 2026-07-24T20:23:43  LAYER   L3        -- header=0x6C letter=\xa1 parity=ok confidence=0.90
[#0030] 2026-07-24T20:23:43  LAYER   L4        -- header=0x6C letter=\xa1 parity=ok confidence=0.97
[#0031] 2026-07-24T20:24:17  SYNC    coded tilde locked t=8401.19s score=0.80/2.00
[#0032] 2026-07-24T20:24:17  LAYER   naive-max -- header=0x5E letter=8 parity=bad confidence=0.44
[#0033] 2026-07-24T20:24:17  LAYER   L1        -- header=0x4E letter=x parity=ok confidence=0.60
[#0034] 2026-07-24T20:24:17  LAYER   L2        -- header=0x1E letter=x parity=ok confidence=1.18
[#0035] 2026-07-24T20:24:17  LAYER   L3        -- header=0x4E letter=x parity=ok confidence=1.77
[#0036] 2026-07-24T20:24:17  LAYER   L4        -- header=0x4E letter=x parity=ok confidence=1.68
[#0037] 2026-07-24T20:25:23  SIGNAL  carrier detected — recording beacon
[#0038] 2026-07-24T20:25:37  WARN    coded frame rejected — preamble=0.14 successful layers=none
[#0039] 2026-07-24T20:25:39  SIGNAL  carrier detected — recording beacon
[#0040] 2026-07-24T20:25:50  CAPTURE stopped — saved /Users/msteitieh/Desktop/CU-hakcing-captures/current-hamming/raw/diagnostic_6V_10p_1p_20260724_202039.csv
