
  ____   ___   ____ _  _____
 |  _ \ / _ \ / ___| |/ / _ \    cave explorer safety beacon
 | |_) | | | | |   | ' / | | |   surface receiver
 |  _ <| |_| | |___| . \ |_| |   silence is the alarm
 |_| \_\\___/ \____|_|\_\___/

[#0001] 2026-07-23T16:28:30  CAPTURE listening on /dev/cu.usbmodem1201 -> /Users/msteitieh/Desktop/CU-hakcing-captures/current-hamming/raw/lab_alphabet_20260723_162828.csv
[#0002] 2026-07-23T16:28:30  READY   layered Hamming(7,4) decode after 5s silence (28 bits at 0.5 bit/s, 8 Hz bandpass, 15s gap)
[#0003] 2026-07-23T16:28:35  SIGNAL  carrier detected — recording beacon
[#0004] 2026-07-23T16:29:10  SYNC    coded tilde locked t=36.16s score=1.62/2.00
[#0005] 2026-07-23T16:29:37  LAYER   naive-max OK header=0x7E letter=A parity=ok confidence=0.77
[#0006] 2026-07-23T16:29:37  LAYER   L1        OK header=0x7E letter=A parity=ok confidence=1.39
[#0007] 2026-07-23T16:29:37  LAYER   L2        OK header=0x7E letter=A parity=ok confidence=1.25
[#0008] 2026-07-23T16:29:37  LAYER   L3        OK header=0x7E letter=A parity=ok confidence=1.10
[#0009] 2026-07-23T16:29:37  LAYER   L4        OK header=0x7E letter=A parity=ok confidence=3.19
[#0010] 2026-07-23T16:29:42  DECODE  header=~ letter=A layer=L4 successful=naive-max,L1,L2,L3,L4
[#0011] 2026-07-23T16:29:42  SYNC    coded tilde locked t=36.16s score=1.62/2.00
[#0012] 2026-07-23T16:29:42  LAYER   naive-max OK header=0x7E letter=A parity=ok confidence=0.77
[#0013] 2026-07-23T16:29:42  LAYER   L1        OK header=0x7E letter=A parity=ok confidence=1.39
[#0014] 2026-07-23T16:29:42  LAYER   L2        OK header=0x7E letter=A parity=ok confidence=1.25
[#0015] 2026-07-23T16:29:42  LAYER   L3        OK header=0x7E letter=A parity=ok confidence=1.10
[#0016] 2026-07-23T16:29:42  LAYER   L4        OK header=0x7E letter=A parity=ok confidence=3.19
[#0017] 2026-07-23T16:29:54  SIGNAL  carrier detected — recording beacon
[#0018] 2026-07-23T16:30:11  SYNC    coded tilde locked t=48.18s score=0.84/2.00
[#0019] 2026-07-23T16:30:11  LAYER   naive-max -- header=0x36 letter=\xc6 parity=bad confidence=0.67
[#0020] 2026-07-23T16:30:11  LAYER   L1        -- header=0x36 letter=\xca parity=ok confidence=0.60
[#0021] 2026-07-23T16:30:11  LAYER   L2        -- header=0x36 letter=\xc6 parity=ok confidence=1.43
[#0022] 2026-07-23T16:30:11  LAYER   L3        -- header=0x36 letter=\xc6 parity=ok confidence=1.27
[#0023] 2026-07-23T16:30:11  LAYER   L4        -- header=0x36 letter=\xc6 parity=ok confidence=1.55
[#0024] 2026-07-23T16:30:20  SYNC    coded tilde locked t=107.18s score=1.62/2.00
[#0025] 2026-07-23T16:30:48  LAYER   naive-max OK header=0x7E letter=B parity=ok confidence=0.80
[#0026] 2026-07-23T16:30:48  LAYER   L1        OK header=0x7E letter=B parity=ok confidence=1.53
[#0027] 2026-07-23T16:30:48  LAYER   L2        OK header=0x7E letter=B parity=ok confidence=1.21
[#0028] 2026-07-23T16:30:48  LAYER   L3        OK header=0x7E letter=B parity=ok confidence=1.06
[#0029] 2026-07-23T16:30:48  LAYER   L4        OK header=0x7E letter=B parity=ok confidence=3.22
[#0030] 2026-07-23T16:30:54  DECODE  header=~ letter=B layer=L4 successful=naive-max,L1,L2,L3,L4
[#0031] 2026-07-23T16:30:55  SYNC    coded tilde locked t=107.20s score=1.67/2.00
[#0032] 2026-07-23T16:30:55  LAYER   naive-max OK header=0x7E letter=B parity=ok confidence=0.80
[#0033] 2026-07-23T16:30:55  LAYER   L1        OK header=0x7E letter=B parity=ok confidence=1.53
[#0034] 2026-07-23T16:30:55  LAYER   L2        OK header=0x7E letter=B parity=ok confidence=1.21
[#0035] 2026-07-23T16:30:55  LAYER   L3        OK header=0x7E letter=B parity=ok confidence=1.06
[#0036] 2026-07-23T16:30:55  LAYER   L4        OK header=0x7E letter=B parity=ok confidence=3.22
[#0037] 2026-07-23T16:31:05  SIGNAL  carrier detected — recording beacon
[#0038] 2026-07-23T16:31:23  SYNC    coded tilde locked t=119.20s score=0.88/2.00
[#0039] 2026-07-23T16:31:23  LAYER   naive-max -- header=0x36 letter=\xdc parity=bad confidence=0.68
[#0040] 2026-07-23T16:31:23  LAYER   L1        -- header=0x36 letter=\xd7 parity=ok confidence=0.69
[#0041] 2026-07-23T16:31:23  LAYER   L2        -- header=0x36 letter=\xdc parity=ok confidence=1.54
[#0042] 2026-07-23T16:31:23  LAYER   L3        -- header=0x36 letter=\xdc parity=ok confidence=1.36
[#0043] 2026-07-23T16:31:23  LAYER   L4        -- header=0x36 letter=\xdc parity=ok confidence=1.79
[#0044] 2026-07-23T16:31:31  SYNC    coded tilde locked t=178.20s score=1.67/2.00
[#0045] 2026-07-23T16:32:00  LAYER   naive-max OK header=0x7E letter=C parity=ok confidence=0.82
[#0046] 2026-07-23T16:32:00  LAYER   L1        OK header=0x7E letter=C parity=ok confidence=1.54
[#0047] 2026-07-23T16:32:00  LAYER   L2        OK header=0x7E letter=C parity=ok confidence=1.12
[#0048] 2026-07-23T16:32:00  LAYER   L3        OK header=0x7E letter=C parity=ok confidence=0.96
[#0049] 2026-07-23T16:32:00  LAYER   L4        OK header=0x7E letter=C parity=ok confidence=3.18
[#0050] 2026-07-23T16:32:04  DECODE  header=~ letter=C layer=L4 successful=naive-max,L1,L2,L3,L4
[#0051] 2026-07-23T16:32:04  SYNC    coded tilde locked t=178.21s score=1.70/2.00
[#0052] 2026-07-23T16:32:04  LAYER   naive-max OK header=0x7E letter=C parity=ok confidence=0.82
[#0053] 2026-07-23T16:32:04  LAYER   L1        OK header=0x7E letter=C parity=ok confidence=1.54
[#0054] 2026-07-23T16:32:04  LAYER   L2        OK header=0x7E letter=C parity=ok confidence=1.12
[#0055] 2026-07-23T16:32:04  LAYER   L3        OK header=0x7E letter=C parity=ok confidence=0.96
[#0056] 2026-07-23T16:32:04  LAYER   L4        OK header=0x7E letter=C parity=ok confidence=3.18
[#0057] 2026-07-23T16:32:16  SIGNAL  carrier detected — recording beacon
[#0058] 2026-07-23T16:32:34  SYNC    coded tilde locked t=190.22s score=0.89/2.00
[#0059] 2026-07-23T16:32:34  LAYER   naive-max -- header=0x36 letter=\x10 parity=bad confidence=0.69
[#0060] 2026-07-23T16:32:34  LAYER   L1        -- header=0x36 letter=S parity=ok confidence=0.43
[#0061] 2026-07-23T16:32:34  LAYER   L2        -- header=0x36 letter=V parity=ok confidence=0.85
[#0062] 2026-07-23T16:32:34  LAYER   L3        -- header=0x36 letter=V parity=ok confidence=1.08
[#0063] 2026-07-23T16:32:34  LAYER   L4        -- header=0x36 letter=V parity=ok confidence=1.22
[#0064] 2026-07-23T16:32:43  SYNC    coded tilde locked t=249.22s score=1.68/2.00
[#0065] 2026-07-23T16:33:10  LAYER   naive-max OK header=0x7E letter=D parity=ok confidence=0.83
[#0066] 2026-07-23T16:33:10  LAYER   L1        OK header=0x7E letter=D parity=ok confidence=1.57
[#0067] 2026-07-23T16:33:10  LAYER   L2        OK header=0x7E letter=D parity=ok confidence=1.10
[#0068] 2026-07-23T16:33:10  LAYER   L3        OK header=0x7E letter=D parity=ok confidence=0.94
[#0069] 2026-07-23T16:33:10  LAYER   L4        OK header=0x7E letter=D parity=ok confidence=3.23
[#0070] 2026-07-23T16:33:16  DECODE  header=~ letter=D layer=L4 successful=naive-max,L1,L2,L3,L4
[#0071] 2026-07-23T16:33:16  SYNC    coded tilde locked t=249.22s score=1.69/2.00
[#0072] 2026-07-23T16:33:16  LAYER   naive-max OK header=0x7E letter=D parity=ok confidence=0.83
[#0073] 2026-07-23T16:33:16  LAYER   L1        OK header=0x7E letter=D parity=ok confidence=1.57
[#0074] 2026-07-23T16:33:16  LAYER   L2        OK header=0x7E letter=D parity=ok confidence=1.10
[#0075] 2026-07-23T16:33:16  LAYER   L3        OK header=0x7E letter=D parity=ok confidence=0.94
[#0076] 2026-07-23T16:33:16  LAYER   L4        OK header=0x7E letter=D parity=ok confidence=3.23
[#0077] 2026-07-23T16:33:27  SIGNAL  carrier detected — recording beacon
[#0078] 2026-07-23T16:33:44  SYNC    coded tilde locked t=258.41s score=0.91/2.00
[#0079] 2026-07-23T16:33:44  LAYER   naive-max -- header=0x5E letter=\xcb parity=bad confidence=0.39
[#0080] 2026-07-23T16:33:44  LAYER   L1        -- header=0x7E letter=\xfb parity=ok confidence=0.72
[#0081] 2026-07-23T16:33:44  LAYER   L2        -- header=0x7E letter=\xcb parity=ok confidence=0.63
[#0082] 2026-07-23T16:33:44  LAYER   L3        -- header=0x7E letter=o parity=ok confidence=0.57
[#0083] 2026-07-23T16:33:44  LAYER   L4        -- header=0x7E letter=k parity=ok confidence=0.83
[#0084] 2026-07-23T16:33:54  SYNC    coded tilde locked t=320.22s score=1.67/2.00
[#0085] 2026-07-23T16:34:22  LAYER   naive-max OK header=0x7E letter=E parity=ok confidence=0.85
[#0086] 2026-07-23T16:34:22  LAYER   L1        OK header=0x7E letter=E parity=ok confidence=1.53
[#0087] 2026-07-23T16:34:22  LAYER   L2        OK header=0x7E letter=E parity=ok confidence=1.05
[#0088] 2026-07-23T16:34:22  LAYER   L3        OK header=0x7E letter=E parity=ok confidence=0.90
[#0089] 2026-07-23T16:34:22  LAYER   L4        OK header=0x7E letter=E parity=ok confidence=3.21
[#0090] 2026-07-23T16:34:26  DECODE  header=~ letter=E layer=L4 successful=naive-max,L1,L2,L3,L4
[#0091] 2026-07-23T16:34:26  SYNC    coded tilde locked t=346.20s score=0.91/2.00
[#0092] 2026-07-23T16:34:38  SIGNAL  carrier detected — recording beacon
[#0093] 2026-07-23T16:34:47  LAYER   naive-max -- header=0x6A letter=\x88 parity=bad confidence=0.63
[#0094] 2026-07-23T16:34:47  LAYER   L1        -- header=0x6E letter=\xfc parity=ok confidence=0.44
[#0095] 2026-07-23T16:34:47  LAYER   L2        -- header=0x6E letter=\x8c parity=ok confidence=1.07
[#0096] 2026-07-23T16:34:47  LAYER   L3        -- header=0x6E letter=\x8c parity=ok confidence=1.06
[#0097] 2026-07-23T16:34:47  LAYER   L4        -- header=0x6E letter=\x8c parity=ok confidence=1.45
[#0098] 2026-07-23T16:35:04  SYNC    coded tilde locked t=391.23s score=1.70/2.00
[#0099] 2026-07-23T16:35:33  LAYER   naive-max OK header=0x7E letter=F parity=ok confidence=0.85
[#0100] 2026-07-23T16:35:33  LAYER   L1        OK header=0x7E letter=F parity=ok confidence=1.43
[#0101] 2026-07-23T16:35:33  LAYER   L2        OK header=0x7E letter=F parity=ok confidence=1.03
[#0102] 2026-07-23T16:35:33  LAYER   L3        OK header=0x7E letter=F parity=ok confidence=0.87
[#0103] 2026-07-23T16:35:33  LAYER   L4        OK header=0x7E letter=F parity=ok confidence=3.23
[#0104] 2026-07-23T16:35:38  DECODE  header=~ letter=F layer=L4 successful=naive-max,L1,L2,L3,L4
[#0105] 2026-07-23T16:35:38  SYNC    coded tilde locked t=391.23s score=1.70/2.00
[#0106] 2026-07-23T16:35:38  LAYER   naive-max OK header=0x7E letter=F parity=ok confidence=0.85
[#0107] 2026-07-23T16:35:38  LAYER   L1        OK header=0x7E letter=F parity=ok confidence=1.43
[#0108] 2026-07-23T16:35:38  LAYER   L2        OK header=0x7E letter=F parity=ok confidence=1.03
[#0109] 2026-07-23T16:35:38  LAYER   L3        OK header=0x7E letter=F parity=ok confidence=0.87
[#0110] 2026-07-23T16:35:38  LAYER   L4        OK header=0x7E letter=F parity=ok confidence=3.23
[#0111] 2026-07-23T16:35:49  SIGNAL  carrier detected — recording beacon
[#0112] 2026-07-23T16:36:06  SYNC    coded tilde locked t=400.40s score=0.94/2.00
[#0113] 2026-07-23T16:36:06  LAYER   naive-max -- header=0x5E letter=\xaa parity=bad confidence=0.41
[#0114] 2026-07-23T16:36:06  LAYER   L1        -- header=0x7E letter=\xbe parity=ok confidence=1.07
[#0115] 2026-07-23T16:36:06  LAYER   L2        -- header=0x7E letter=\xbe parity=ok confidence=1.15
[#0116] 2026-07-23T16:36:06  LAYER   L3        -- header=0x7E letter=\xb9 parity=ok confidence=1.09
[#0117] 2026-07-23T16:36:06  LAYER   L4        -- header=0x7E letter=\xb9 parity=ok confidence=1.42
[#0118] 2026-07-23T16:36:16  SYNC    coded tilde locked t=462.23s score=1.69/2.00
[#0119] 2026-07-23T16:36:43  LAYER   naive-max OK header=0x7E letter=G parity=ok confidence=0.82
[#0120] 2026-07-23T16:36:43  LAYER   L1        OK header=0x7E letter=G parity=ok confidence=1.39
[#0121] 2026-07-23T16:36:43  LAYER   L2        OK header=0x7E letter=G parity=ok confidence=1.17
[#0122] 2026-07-23T16:36:43  LAYER   L3        OK header=0x7E letter=G parity=ok confidence=1.00
[#0123] 2026-07-23T16:36:43  LAYER   L4        OK header=0x7E letter=G parity=ok confidence=3.12
[#0124] 2026-07-23T16:36:48  DECODE  header=~ letter=G layer=L4 successful=naive-max,L1,L2,L3,L4
[#0125] 2026-07-23T16:36:49  SYNC    coded tilde locked t=495.15s score=0.89/2.00
[#0126] 2026-07-23T16:37:00  SIGNAL  carrier detected — recording beacon
[#0127] 2026-07-23T16:37:16  LAYER   naive-max -- header=0xF6 letter=\x8c parity=bad confidence=0.60
[#0128] 2026-07-23T16:37:16  LAYER   L1        -- header=0x77 letter=\x8c parity=ok confidence=0.43
[#0129] 2026-07-23T16:37:16  LAYER   L2        -- header=0x77 letter=\x8c parity=ok confidence=0.71
[#0130] 2026-07-23T16:37:16  LAYER   L3        OK header=0x7E letter=L parity=ok confidence=0.65
[#0131] 2026-07-23T16:37:16  LAYER   L4        -- header=0x77 letter=\x8c parity=ok confidence=1.39
[#0132] 2026-07-23T16:37:50  SYNC    coded tilde locked t=533.23s score=1.69/2.00
[#0133] 2026-07-23T16:37:54  LAYER   naive-max OK header=0x7E letter=H parity=ok confidence=0.82
[#0134] 2026-07-23T16:37:54  LAYER   L1        OK header=0x7E letter=H parity=ok confidence=1.44
[#0135] 2026-07-23T16:37:54  LAYER   L2        OK header=0x7E letter=H parity=ok confidence=1.17
[#0136] 2026-07-23T16:37:54  LAYER   L3        OK header=0x7E letter=H parity=ok confidence=0.98
[#0137] 2026-07-23T16:37:54  LAYER   L4        OK header=0x7E letter=H parity=ok confidence=3.22
[#0138] 2026-07-23T16:38:00  DECODE  header=~ letter=H layer=L4 successful=naive-max,L1,L2,L3,L4
[#0139] 2026-07-23T16:38:00  SYNC    coded tilde locked t=533.23s score=1.69/2.00
[#0140] 2026-07-23T16:38:00  LAYER   naive-max OK header=0x7E letter=H parity=ok confidence=0.82
[#0141] 2026-07-23T16:38:00  LAYER   L1        OK header=0x7E letter=H parity=ok confidence=1.47
[#0142] 2026-07-23T16:38:00  LAYER   L2        OK header=0x7E letter=H parity=ok confidence=1.15
[#0143] 2026-07-23T16:38:00  LAYER   L3        OK header=0x7E letter=H parity=ok confidence=0.97
[#0144] 2026-07-23T16:38:00  LAYER   L4        OK header=0x7E letter=H parity=ok confidence=3.22
[#0145] 2026-07-23T16:38:11  SIGNAL  carrier detected — recording beacon
[#0146] 2026-07-23T16:38:29  SYNC    coded tilde locked t=542.40s score=0.93/2.00
[#0147] 2026-07-23T16:38:29  LAYER   naive-max -- header=0x5E letter=\x1c parity=bad confidence=0.45
[#0148] 2026-07-23T16:38:29  LAYER   L1        -- header=0x7E letter=\xbf parity=ok confidence=0.57
[#0149] 2026-07-23T16:38:29  LAYER   L2        -- header=0x9E letter=\x18 parity=ok confidence=0.77
[#0150] 2026-07-23T16:38:29  LAYER   L3        -- header=0x9E letter=\xbf parity=ok confidence=0.79
[#0151] 2026-07-23T16:38:29  LAYER   L4        -- header=0x9E letter=\xbf parity=ok confidence=0.79
[#0152] 2026-07-23T16:38:38  SYNC    coded tilde locked t=604.24s score=1.70/2.00
[#0153] 2026-07-23T16:39:05  LAYER   naive-max OK header=0x7E letter=I parity=ok confidence=0.85
[#0154] 2026-07-23T16:39:05  LAYER   L1        OK header=0x7E letter=I parity=ok confidence=1.52
[#0155] 2026-07-23T16:39:05  LAYER   L2        OK header=0x7E letter=I parity=ok confidence=1.04
[#0156] 2026-07-23T16:39:05  LAYER   L3        OK header=0x7E letter=I parity=ok confidence=0.89
[#0157] 2026-07-23T16:39:05  LAYER   L4        OK header=0x7E letter=I parity=ok confidence=3.15
[#0158] 2026-07-23T16:39:10  DECODE  header=~ letter=I layer=L4 successful=naive-max,L1,L2,L3,L4
[#0159] 2026-07-23T16:39:10  SYNC    coded tilde locked t=604.24s score=1.70/2.00
[#0160] 2026-07-23T16:39:10  LAYER   naive-max OK header=0x7E letter=I parity=ok confidence=0.85
[#0161] 2026-07-23T16:39:10  LAYER   L1        OK header=0x7E letter=I parity=ok confidence=1.52
[#0162] 2026-07-23T16:39:10  LAYER   L2        OK header=0x7E letter=I parity=ok confidence=1.04
[#0163] 2026-07-23T16:39:10  LAYER   L3        OK header=0x7E letter=I parity=ok confidence=0.89
[#0164] 2026-07-23T16:39:10  LAYER   L4        OK header=0x7E letter=I parity=ok confidence=3.15
[#0165] 2026-07-23T16:39:22  SIGNAL  carrier detected — recording beacon
[#0166] 2026-07-23T16:39:39  SYNC    coded tilde locked t=613.43s score=0.92/2.00
[#0167] 2026-07-23T16:39:39  LAYER   naive-max -- header=0x5E letter=\x8e parity=bad confidence=0.41
[#0168] 2026-07-23T16:39:39  LAYER   L1        -- header=0x7E letter=\xc6 parity=ok confidence=1.13
[#0169] 2026-07-23T16:39:39  LAYER   L2        -- header=0x7E letter=\xca parity=ok confidence=1.11
[#0170] 2026-07-23T16:39:39  LAYER   L3        -- header=0x7E letter=\xca parity=ok confidence=0.90
[#0171] 2026-07-23T16:39:39  LAYER   L4        -- header=0x7E letter=\xc8 parity=ok confidence=1.75
[#0172] 2026-07-23T16:39:48  SYNC    coded tilde locked t=675.24s score=1.70/2.00
[#0173] 2026-07-23T16:40:17  LAYER   naive-max OK header=0x7E letter=J parity=ok confidence=0.84
[#0174] 2026-07-23T16:40:17  LAYER   L1        OK header=0x7E letter=J parity=ok confidence=1.37
[#0175] 2026-07-23T16:40:17  LAYER   L2        OK header=0x7E letter=J parity=ok confidence=1.11
[#0176] 2026-07-23T16:40:17  LAYER   L3        OK header=0x7E letter=J parity=ok confidence=0.93
[#0177] 2026-07-23T16:40:17  LAYER   L4        OK header=0x7E letter=J parity=ok confidence=3.24
[#0178] 2026-07-23T16:40:22  DECODE  header=~ letter=J layer=L4 successful=naive-max,L1,L2,L3,L4
[#0179] 2026-07-23T16:40:22  SYNC    coded tilde locked t=699.24s score=0.84/2.00
[#0180] 2026-07-23T16:40:33  SIGNAL  carrier detected — recording beacon
[#0181] 2026-07-23T16:40:41  LAYER   naive-max -- header=0xBE letter=\xc4 parity=bad confidence=0.66
[#0182] 2026-07-23T16:40:41  LAYER   L1        -- header=0x3E letter=D parity=ok confidence=0.55
[#0183] 2026-07-23T16:40:41  LAYER   L2        -- header=0xBE letter=D parity=ok confidence=0.92
[#0184] 2026-07-23T16:40:41  LAYER   L3        -- header=0x3E letter=D parity=ok confidence=0.82
[#0185] 2026-07-23T16:40:41  LAYER   L4        -- header=0x3E letter=D parity=ok confidence=1.69
[#0186] 2026-07-23T16:40:59  SYNC    coded tilde locked t=746.24s score=1.70/2.00
[#0187] 2026-07-23T16:41:17  ERROR   source error: read failed: [Errno 6] Device not configured
[#0188] 2026-07-23T16:41:22  CAPTURE stopped — saved /Users/msteitieh/Desktop/CU-hakcing-captures/current-hamming/raw/lab_alphabet_20260723_162828.csv
