Final experiment phase=all frames=100 rate=2 coded bits/s estimate=61.79 minutes
001 short uncoded rep=1 duty=100%
002 short hamming15_11 rep=1 duty=100%
003 short rs5_3 rep=1 duty=100%
004 short hamming15_11 rep=1 duty=50%
005 short rs5_3 rep=1 duty=50%
006 short uncoded rep=1 duty=50%
007 short rs5_3 rep=1 duty=25%
008 short uncoded rep=1 duty=25%
009 short hamming15_11 rep=1 duty=25%
010 short uncoded rep=1 duty=10%
011 short hamming15_11 rep=1 duty=10%
012 short rs5_3 rep=1 duty=10%
013 short hamming15_11 rep=1 duty=1% timing-limited
014 short rs5_3 rep=1 duty=1% timing-limited
015 short uncoded rep=1 duty=1% timing-limited
016 short hamming15_11 rep=2 duty=50%
017 short rs5_3 rep=2 duty=50%
018 short uncoded rep=2 duty=50%
019 short rs5_3 rep=2 duty=25%
020 short uncoded rep=2 duty=25%
021 short hamming15_11 rep=2 duty=25%
022 short uncoded rep=2 duty=10%
023 short hamming15_11 rep=2 duty=10%
024 short rs5_3 rep=2 duty=10%
025 short hamming15_11 rep=2 duty=1% timing-limited
026 short rs5_3 rep=2 duty=1% timing-limited
027 short uncoded rep=2 duty=1% timing-limited
028 short rs5_3 rep=2 duty=100%
029 short uncoded rep=2 duty=100%
030 short hamming15_11 rep=2 duty=100%
031 short rs5_3 rep=3 duty=25%
032 short uncoded rep=3 duty=25%
033 short hamming15_11 rep=3 duty=25%
034 short uncoded rep=3 duty=10%
035 short hamming15_11 rep=3 duty=10%
036 short rs5_3 rep=3 duty=10%
037 short hamming15_11 rep=3 duty=1% timing-limited
038 short rs5_3 rep=3 duty=1% timing-limited
039 short uncoded rep=3 duty=1% timing-limited
040 short rs5_3 rep=3 duty=100%
041 short uncoded rep=3 duty=100%
042 short hamming15_11 rep=3 duty=100%
043 short uncoded rep=3 duty=50%
044 short hamming15_11 rep=3 duty=50%
045 short rs5_3 rep=3 duty=50%
046 short uncoded rep=4 duty=10%
047 short hamming15_11 rep=4 duty=10%
048 short rs5_3 rep=4 duty=10%
049 short hamming15_11 rep=4 duty=1% timing-limited
050 short rs5_3 rep=4 duty=1% timing-limited
051 short uncoded rep=4 duty=1% timing-limited
052 short rs5_3 rep=4 duty=100%
053 short uncoded rep=4 duty=100%
054 short hamming15_11 rep=4 duty=100%
055 short uncoded rep=4 duty=50%
056 short hamming15_11 rep=4 duty=50%
057 short rs5_3 rep=4 duty=50%
058 short hamming15_11 rep=4 duty=25%
059 short rs5_3 rep=4 duty=25%
060 short uncoded rep=4 duty=25%
061 short hamming15_11 rep=5 duty=1% timing-limited
062 short rs5_3 rep=5 duty=1% timing-limited
063 short uncoded rep=5 duty=1% timing-limited
064 short rs5_3 rep=5 duty=100%
065 short uncoded rep=5 duty=100%
066 short hamming15_11 rep=5 duty=100%
067 short uncoded rep=5 duty=50%
068 short hamming15_11 rep=5 duty=50%
069 short rs5_3 rep=5 duty=50%
070 short hamming15_11 rep=5 duty=25%
071 short rs5_3 rep=5 duty=25%
072 short uncoded rep=5 duty=25%
073 short rs5_3 rep=5 duty=10%
074 short uncoded rep=5 duty=10%
075 short hamming15_11 rep=5 duty=10%
076 final rs12_6 rep=1 duty=100%
077 final rs12_6 rep=1 duty=50%
078 final rs12_6 rep=1 duty=25%
079 final rs12_6 rep=1 duty=10%
080 final rs12_6 rep=1 duty=1% timing-limited
081 final rs12_6 rep=2 duty=50%
082 final rs12_6 rep=2 duty=25%
083 final rs12_6 rep=2 duty=10%
084 final rs12_6 rep=2 duty=1% timing-limited
085 final rs12_6 rep=2 duty=100%
086 final rs12_6 rep=3 duty=25%
087 final rs12_6 rep=3 duty=10%
088 final rs12_6 rep=3 duty=1% timing-limited
089 final rs12_6 rep=3 duty=100%
090 final rs12_6 rep=3 duty=50%
091 final rs12_6 rep=4 duty=10%
092 final rs12_6 rep=4 duty=1% timing-limited
093 final rs12_6 rep=4 duty=100%
094 final rs12_6 rep=4 duty=50%
095 final rs12_6 rep=4 duty=25%
096 final rs12_6 rep=5 duty=1% timing-limited
097 final rs12_6 rep=5 duty=100%
098 final rs12_6 rep=5 duty=50%
099 final rs12_6 rep=5 duty=25%
100 final rs12_6 rep=5 duty=10%
COIL OFF initial_wait=15s
EXPERIMENT 001/100 START phase=short scheme=uncoded rep=1 duty=100% bits=011111100111111010001011100
EXPERIMENT 001 DONE duration=13.501s; COIL OFF gap=15s
EXPERIMENT 002/100 START phase=short scheme=hamming15_11 rep=1 duty=100% bits=0111111001111110001000001011100
EXPERIMENT 002 DONE duration=15.501s; COIL OFF gap=15s
EXPERIMENT 003/100 START phase=short scheme=rs5_3 rep=1 duty=100% bits=01111110011111101000101110000001110011111
EXPERIMENT 003 DONE duration=20.501s; COIL OFF gap=15s
EXPERIMENT 004/100 START phase=short scheme=hamming15_11 rep=1 duty=50% bits=0111111001111110001000001011100
EXPERIMENT 004 DONE duration=15.501s; COIL OFF gap=15s
EXPERIMENT 005/100 START phase=short scheme=rs5_3 rep=1 duty=50% bits=01111110011111101000101110000001110011111
EXPERIMENT 005 DONE duration=20.501s; COIL OFF gap=15s
EXPERIMENT 006/100 START phase=short scheme=uncoded rep=1 duty=50% bits=011111100111111010001011100
EXPERIMENT 006 DONE duration=13.501s; COIL OFF gap=15s
EXPERIMENT 007/100 START phase=short scheme=rs5_3 rep=1 duty=25% bits=01111110011111101000101110000001110011111
EXPERIMENT 007 DONE duration=20.501s; COIL OFF gap=15s
EXPERIMENT 008/100 START phase=short scheme=uncoded rep=1 duty=25% bits=011111100111111010001011100
EXPERIMENT 008 DONE duration=13.501s; COIL OFF gap=15s
EXPERIMENT 009/100 START phase=short scheme=hamming15_11 rep=1 duty=25% bits=0111111001111110001000001011100
EXPERIMENT 009 DONE duration=15.501s; COIL OFF gap=15s
EXPERIMENT 010/100 START phase=short scheme=uncoded rep=1 duty=10% bits=011111100111111010001011100
EXPERIMENT 010 DONE duration=13.501s; COIL OFF gap=15s
EXPERIMENT 011/100 START phase=short scheme=hamming15_11 rep=1 duty=10% bits=0111111001111110001000001011100
EXPERIMENT 011 DONE duration=15.501s; COIL OFF gap=15s
EXPERIMENT 012/100 START phase=short scheme=rs5_3 rep=1 duty=10% bits=01111110011111101000101110000001110011111
EXPERIMENT 012 DONE duration=20.501s; COIL OFF gap=15s
EXPERIMENT 013/100 START phase=short scheme=hamming15_11 rep=1 duty=1% bits=0111111001111110001000001011100
EXPERIMENT 013 DONE duration=15.501s; COIL OFF gap=15s
EXPERIMENT 014/100 START phase=short scheme=rs5_3 rep=1 duty=1% bits=01111110011111101000101110000001110011111
EXPERIMENT 014 DONE duration=20.501s; COIL OFF gap=15s
EXPERIMENT 015/100 START phase=short scheme=uncoded rep=1 duty=1% bits=011111100111111010001011100
EXPERIMENT 015 DONE duration=13.501s; COIL OFF gap=15s
EXPERIMENT 016/100 START phase=short scheme=hamming15_11 rep=2 duty=50% bits=0111111001111110001000001011100
EXPERIMENT 016 DONE duration=15.501s; COIL OFF gap=15s
EXPERIMENT 017/100 START phase=short scheme=rs5_3 rep=2 duty=50% bits=01111110011111101000101110000001110011111
EXPERIMENT 017 DONE duration=20.501s; COIL OFF gap=15s
EXPERIMENT 018/100 START phase=short scheme=uncoded rep=2 duty=50% bits=011111100111111010001011100
EXPERIMENT 018 DONE duration=13.501s; COIL OFF gap=15s
EXPERIMENT 019/100 START phase=short scheme=rs5_3 rep=2 duty=25% bits=01111110011111101000101110000001110011111
EXPERIMENT 019 DONE duration=20.501s; COIL OFF gap=15s
EXPERIMENT 020/100 START phase=short scheme=uncoded rep=2 duty=25% bits=011111100111111010001011100
EXPERIMENT 020 DONE duration=13.501s; COIL OFF gap=15s
EXPERIMENT 021/100 START phase=short scheme=hamming15_11 rep=2 duty=25% bits=0111111001111110001000001011100
EXPERIMENT 021 DONE duration=15.501s; COIL OFF gap=15s
EXPERIMENT 022/100 START phase=short scheme=uncoded rep=2 duty=10% bits=011111100111111010001011100
EXPERIMENT 022 DONE duration=13.501s; COIL OFF gap=15s
EXPERIMENT 023/100 START phase=short scheme=hamming15_11 rep=2 duty=10% bits=0111111001111110001000001011100
EXPERIMENT 023 DONE duration=15.501s; COIL OFF gap=15s
EXPERIMENT 024/100 START phase=short scheme=rs5_3 rep=2 duty=10% bits=01111110011111101000101110000001110011111
EXPERIMENT 024 DONE duration=20.501s; COIL OFF gap=15s
EXPERIMENT 025/100 START phase=short scheme=hamming15_11 rep=2 duty=1% bits=0111111001111110001000001011100
EXPERIMENT 025 DONE duration=15.501s; COIL OFF gap=15s
EXPERIMENT 026/100 START phase=short scheme=rs5_3 rep=2 duty=1% bits=01111110011111101000101110000001110011111
EXPERIMENT 026 DONE duration=20.501s; COIL OFF gap=15s
EXPERIMENT 027/100 START phase=short scheme=uncoded rep=2 duty=1% bits=011111100111111010001011100
EXPERIMENT 027 DONE duration=13.501s; COIL OFF gap=15s
EXPERIMENT 028/100 START phase=short scheme=rs5_3 rep=2 duty=100% bits=01111110011111101000101110000001110011111
EXPERIMENT 028 DONE duration=20.501s; COIL OFF gap=15s
EXPERIMENT 029/100 START phase=short scheme=uncoded rep=2 duty=100% bits=011111100111111010001011100
EXPERIMENT 029 DONE duration=13.501s; COIL OFF gap=15s
EXPERIMENT 030/100 START phase=short scheme=hamming15_11 rep=2 duty=100% bits=0111111001111110001000001011100
EXPERIMENT 030 DONE duration=15.501s; COIL OFF gap=15s
EXPERIMENT 031/100 START phase=short scheme=rs5_3 rep=3 duty=25% bits=01111110011111101000101110000001110011111
EXPERIMENT 031 DONE duration=20.501s; COIL OFF gap=15s
EXPERIMENT 032/100 START phase=short scheme=uncoded rep=3 duty=25% bits=011111100111111010001011100
EXPERIMENT 032 DONE duration=13.501s; COIL OFF gap=15s
EXPERIMENT 033/100 START phase=short scheme=hamming15_11 rep=3 duty=25% bits=0111111001111110001000001011100
EXPERIMENT 033 DONE duration=15.501s; COIL OFF gap=15s
EXPERIMENT 034/100 START phase=short scheme=uncoded rep=3 duty=10% bits=011111100111111010001011100
EXPERIMENT 034 DONE duration=13.501s; COIL OFF gap=15s
EXPERIMENT 035/100 START phase=short scheme=hamming15_11 rep=3 duty=10% bits=0111111001111110001000001011100
EXPERIMENT 035 DONE duration=15.501s; COIL OFF gap=15s
EXPERIMENT 036/100 START phase=short scheme=rs5_3 rep=3 duty=10% bits=01111110011111101000101110000001110011111
EXPERIMENT 036 DONE duration=20.501s; COIL OFF gap=15s
EXPERIMENT 037/100 START phase=short scheme=hamming15_11 rep=3 duty=1% bits=0111111001111110001000001011100
EXPERIMENT 037 DONE duration=15.501s; COIL OFF gap=15s
EXPERIMENT 038/100 START phase=short scheme=rs5_3 rep=3 duty=1% bits=01111110011111101000101110000001110011111
EXPERIMENT 038 DONE duration=20.501s; COIL OFF gap=15s
EXPERIMENT 039/100 START phase=short scheme=uncoded rep=3 duty=1% bits=011111100111111010001011100
EXPERIMENT 039 DONE duration=13.501s; COIL OFF gap=15s
EXPERIMENT 040/100 START phase=short scheme=rs5_3 rep=3 duty=100% bits=01111110011111101000101110000001110011111
EXPERIMENT 040 DONE duration=20.501s; COIL OFF gap=15s
EXPERIMENT 041/100 START phase=short scheme=uncoded rep=3 duty=100% bits=011111100111111010001011100
EXPERIMENT 041 DONE duration=13.501s; COIL OFF gap=15s
EXPERIMENT 042/100 START phase=short scheme=hamming15_11 rep=3 duty=100% bits=0111111001111110001000001011100
EXPERIMENT 042 DONE duration=15.501s; COIL OFF gap=15s
EXPERIMENT 043/100 START phase=short scheme=uncoded rep=3 duty=50% bits=011111100111111010001011100
EXPERIMENT 043 DONE duration=13.501s; COIL OFF gap=15s
EXPERIMENT 044/100 START phase=short scheme=hamming15_11 rep=3 duty=50% bits=0111111001111110001000001011100
EXPERIMENT 044 DONE duration=15.501s; COIL OFF gap=15s
EXPERIMENT 045/100 START phase=short scheme=rs5_3 rep=3 duty=50% bits=01111110011111101000101110000001110011111
EXPERIMENT 045 DONE duration=20.501s; COIL OFF gap=15s
EXPERIMENT 046/100 START phase=short scheme=uncoded rep=4 duty=10% bits=011111100111111010001011100
EXPERIMENT 046 DONE duration=13.501s; COIL OFF gap=15s
EXPERIMENT 047/100 START phase=short scheme=hamming15_11 rep=4 duty=10% bits=0111111001111110001000001011100
EXPERIMENT 047 DONE duration=15.501s; COIL OFF gap=15s
EXPERIMENT 048/100 START phase=short scheme=rs5_3 rep=4 duty=10% bits=01111110011111101000101110000001110011111
EXPERIMENT 048 DONE duration=20.501s; COIL OFF gap=15s
EXPERIMENT 049/100 START phase=short scheme=hamming15_11 rep=4 duty=1% bits=0111111001111110001000001011100
EXPERIMENT 049 DONE duration=15.501s; COIL OFF gap=15s
EXPERIMENT 050/100 START phase=short scheme=rs5_3 rep=4 duty=1% bits=01111110011111101000101110000001110011111
EXPERIMENT 050 DONE duration=20.501s; COIL OFF gap=15s
EXPERIMENT 051/100 START phase=short scheme=uncoded rep=4 duty=1% bits=011111100111111010001011100
EXPERIMENT 051 DONE duration=13.501s; COIL OFF gap=15s
EXPERIMENT 052/100 START phase=short scheme=rs5_3 rep=4 duty=100% bits=01111110011111101000101110000001110011111
EXPERIMENT 052 DONE duration=20.501s; COIL OFF gap=15s
EXPERIMENT 053/100 START phase=short scheme=uncoded rep=4 duty=100% bits=011111100111111010001011100
EXPERIMENT 053 DONE duration=13.501s; COIL OFF gap=15s
EXPERIMENT 054/100 START phase=short scheme=hamming15_11 rep=4 duty=100% bits=0111111001111110001000001011100
EXPERIMENT 054 DONE duration=15.501s; COIL OFF gap=15s
EXPERIMENT 055/100 START phase=short scheme=uncoded rep=4 duty=50% bits=011111100111111010001011100
EXPERIMENT 055 DONE duration=13.501s; COIL OFF gap=15s
EXPERIMENT 056/100 START phase=short scheme=hamming15_11 rep=4 duty=50% bits=0111111001111110001000001011100
EXPERIMENT 056 DONE duration=15.501s; COIL OFF gap=15s
EXPERIMENT 057/100 START phase=short scheme=rs5_3 rep=4 duty=50% bits=01111110011111101000101110000001110011111
EXPERIMENT 057 DONE duration=20.501s; COIL OFF gap=15s
EXPERIMENT 058/100 START phase=short scheme=hamming15_11 rep=4 duty=25% bits=0111111001111110001000001011100
EXPERIMENT 058 DONE duration=15.501s; COIL OFF gap=15s
EXPERIMENT 059/100 START phase=short scheme=rs5_3 rep=4 duty=25% bits=01111110011111101000101110000001110011111
EXPERIMENT 059 DONE duration=20.501s; COIL OFF gap=15s
EXPERIMENT 060/100 START phase=short scheme=uncoded rep=4 duty=25% bits=011111100111111010001011100
EXPERIMENT 060 DONE duration=13.501s; COIL OFF gap=15s
EXPERIMENT 061/100 START phase=short scheme=hamming15_11 rep=5 duty=1% bits=0111111001111110001000001011100
EXPERIMENT 061 DONE duration=15.501s; COIL OFF gap=15s
EXPERIMENT 062/100 START phase=short scheme=rs5_3 rep=5 duty=1% bits=01111110011111101000101110000001110011111
EXPERIMENT 062 DONE duration=20.501s; COIL OFF gap=15s
EXPERIMENT 063/100 START phase=short scheme=uncoded rep=5 duty=1% bits=011111100111111010001011100
EXPERIMENT 063 DONE duration=13.501s; COIL OFF gap=15s
EXPERIMENT 064/100 START phase=short scheme=rs5_3 rep=5 duty=100% bits=01111110011111101000101110000001110011111
EXPERIMENT 064 DONE duration=20.501s; COIL OFF gap=15s
EXPERIMENT 065/100 START phase=short scheme=uncoded rep=5 duty=100% bits=011111100111111010001011100
EXPERIMENT 065 DONE duration=13.501s; COIL OFF gap=15s
EXPERIMENT 066/100 START phase=short scheme=hamming15_11 rep=5 duty=100% bits=0111111001111110001000001011100
EXPERIMENT 066 DONE duration=15.501s; COIL OFF gap=15s
EXPERIMENT 067/100 START phase=short scheme=uncoded rep=5 duty=50% bits=011111100111111010001011100
EXPERIMENT 067 DONE duration=13.501s; COIL OFF gap=15s
EXPERIMENT 068/100 START phase=short scheme=hamming15_11 rep=5 duty=50% bits=0111111001111110001000001011100
EXPERIMENT 068 DONE duration=15.501s; COIL OFF gap=15s
EXPERIMENT 069/100 START phase=short scheme=rs5_3 rep=5 duty=50% bits=01111110011111101000101110000001110011111
EXPERIMENT 069 DONE duration=20.501s; COIL OFF gap=15s
EXPERIMENT 070/100 START phase=short scheme=hamming15_11 rep=5 duty=25% bits=0111111001111110001000001011100
EXPERIMENT 070 DONE duration=15.501s; COIL OFF gap=15s
EXPERIMENT 071/100 START phase=short scheme=rs5_3 rep=5 duty=25% bits=01111110011111101000101110000001110011111
EXPERIMENT 071 DONE duration=20.501s; COIL OFF gap=15s
EXPERIMENT 072/100 START phase=short scheme=uncoded rep=5 duty=25% bits=011111100111111010001011100
EXPERIMENT 072 DONE duration=13.501s; COIL OFF gap=15s
EXPERIMENT 073/100 START phase=short scheme=rs5_3 rep=5 duty=10% bits=01111110011111101000101110000001110011111
EXPERIMENT 073 DONE duration=20.501s; COIL OFF gap=15s
EXPERIMENT 074/100 START phase=short scheme=uncoded rep=5 duty=10% bits=011111100111111010001011100
EXPERIMENT 074 DONE duration=13.501s; COIL OFF gap=15s
EXPERIMENT 075/100 START phase=short scheme=hamming15_11 rep=5 duty=10% bits=0111111001111110001000001011100
EXPERIMENT 075 DONE duration=15.501s; COIL OFF gap=15s
EXPERIMENT 076/100 START phase=final scheme=rs12_6 rep=1 duty=100% bits=0111111001111110100010111000010010100111011111000011100001001010001010001001
EXPERIMENT 076 DONE duration=38.001s; COIL OFF gap=15s
EXPERIMENT 077/100 START phase=final scheme=rs12_6 rep=1 duty=50% bits=0111111001111110100010111000010010100111011111000011100001001010001010001001
EXPERIMENT 077 DONE duration=38.001s; COIL OFF gap=15s
EXPERIMENT 078/100 START phase=final scheme=rs12_6 rep=1 duty=25% bits=0111111001111110100010111000010010100111011111000011100001001010001010001001
EXPERIMENT 078 DONE duration=38.001s; COIL OFF gap=15s
EXPERIMENT 079/100 START phase=final scheme=rs12_6 rep=1 duty=10% bits=0111111001111110100010111000010010100111011111000011100001001010001010001001
EXPERIMENT 079 DONE duration=38.001s; COIL OFF gap=15s
EXPERIMENT 080/100 START phase=final scheme=rs12_6 rep=1 duty=1% bits=0111111001111110100010111000010010100111011111000011100001001010001010001001
EXPERIMENT 080 DONE duration=38.001s; COIL OFF gap=15s
EXPERIMENT 081/100 START phase=final scheme=rs12_6 rep=2 duty=50% bits=0111111001111110100010111000010010100111011111000011100001001010001010001001
EXPERIMENT 081 DONE duration=38.001s; COIL OFF gap=15s
EXPERIMENT 082/100 START phase=final scheme=rs12_6 rep=2 duty=25% bits=0111111001111110100010111000010010100111011111000011100001001010001010001001
EXPERIMENT 082 DONE duration=38.001s; COIL OFF gap=15s
EXPERIMENT 083/100 START phase=final scheme=rs12_6 rep=2 duty=10% bits=0111111001111110100010111000010010100111011111000011100001001010001010001001
EXPERIMENT 083 DONE duration=38.001s; COIL OFF gap=15s
EXPERIMENT 084/100 START phase=final scheme=rs12_6 rep=2 duty=1% bits=0111111001111110100010111000010010100111011111000011100001001010001010001001
EXPERIMENT 084 DONE duration=38.001s; COIL OFF gap=15s
EXPERIMENT 085/100 START phase=final scheme=rs12_6 rep=2 duty=100% bits=0111111001111110100010111000010010100111011111000011100001001010001010001001
EXPERIMENT 085 DONE duration=38.001s; COIL OFF gap=15s
EXPERIMENT 086/100 START phase=final scheme=rs12_6 rep=3 duty=25% bits=0111111001111110100010111000010010100111011111000011100001001010001010001001
EXPERIMENT 086 DONE duration=38.001s; COIL OFF gap=15s
EXPERIMENT 087/100 START phase=final scheme=rs12_6 rep=3 duty=10% bits=0111111001111110100010111000010010100111011111000011100001001010001010001001
EXPERIMENT 087 DONE duration=38.001s; COIL OFF gap=15s
EXPERIMENT 088/100 START phase=final scheme=rs12_6 rep=3 duty=1% bits=0111111001111110100010111000010010100111011111000011100001001010001010001001
EXPERIMENT 088 DONE duration=38.001s; COIL OFF gap=15s
EXPERIMENT 089/100 START phase=final scheme=rs12_6 rep=3 duty=100% bits=0111111001111110100010111000010010100111011111000011100001001010001010001001
EXPERIMENT 089 DONE duration=38.001s; COIL OFF gap=15s
EXPERIMENT 090/100 START phase=final scheme=rs12_6 rep=3 duty=50% bits=0111111001111110100010111000010010100111011111000011100001001010001010001001
EXPERIMENT 090 DONE duration=38.001s; COIL OFF gap=15s
EXPERIMENT 091/100 START phase=final scheme=rs12_6 rep=4 duty=10% bits=0111111001111110100010111000010010100111011111000011100001001010001010001001
EXPERIMENT 091 DONE duration=38.001s; COIL OFF gap=15s
EXPERIMENT 092/100 START phase=final scheme=rs12_6 rep=4 duty=1% bits=0111111001111110100010111000010010100111011111000011100001001010001010001001
EXPERIMENT 092 DONE duration=38.001s; COIL OFF gap=15s
EXPERIMENT 093/100 START phase=final scheme=rs12_6 rep=4 duty=100% bits=0111111001111110100010111000010010100111011111000011100001001010001010001001
EXPERIMENT 093 DONE duration=38.001s; COIL OFF gap=15s
EXPERIMENT 094/100 START phase=final scheme=rs12_6 rep=4 duty=50% bits=0111111001111110100010111000010010100111011111000011100001001010001010001001
EXPERIMENT 094 DONE duration=38.001s; COIL OFF gap=15s
EXPERIMENT 095/100 START phase=final scheme=rs12_6 rep=4 duty=25% bits=0111111001111110100010111000010010100111011111000011100001001010001010001001
EXPERIMENT 095 DONE duration=38.001s; COIL OFF gap=15s
EXPERIMENT 096/100 START phase=final scheme=rs12_6 rep=5 duty=1% bits=0111111001111110100010111000010010100111011111000011100001001010001010001001
EXPERIMENT 096 DONE duration=38.001s; COIL OFF gap=15s
EXPERIMENT 097/100 START phase=final scheme=rs12_6 rep=5 duty=100% bits=0111111001111110100010111000010010100111011111000011100001001010001010001001
EXPERIMENT 097 DONE duration=38.001s; COIL OFF gap=15s
EXPERIMENT 098/100 START phase=final scheme=rs12_6 rep=5 duty=50% bits=0111111001111110100010111000010010100111011111000011100001001010001010001001
EXPERIMENT 098 DONE duration=38.001s; COIL OFF gap=15s
EXPERIMENT 099/100 START phase=final scheme=rs12_6 rep=5 duty=25% bits=0111111001111110100010111000010010100111011111000011100001001010001010001001
EXPERIMENT 099 DONE duration=38.001s; COIL OFF gap=15s
EXPERIMENT 100/100 START phase=final scheme=rs12_6 rep=5 duty=10% bits=0111111001111110100010111000010010100111011111000011100001001010001010001001
EXPERIMENT 100 DONE duration=38.001s; COIL OFF gap=15s
COIL OFF final_wait=5s
FINAL EXPERIMENT COMPLETE manifest=final_experiment_all_11V_20260727_204243.transmitter.csv
