RS(18,6) experiment: 45 frames, 2 coded bits/s, estimate=51.33 minutes
01 rep=1 duty=100% position=1 payload=001110011010001100001001111101
02 rep=1 duty=50% position=2 payload=001110011010001100001001111101
03 rep=1 duty=45% position=3 payload=001110011010001100001001111101
04 rep=1 duty=40% position=4 payload=001110011010001100001001111101
05 rep=1 duty=35% position=5 payload=001110011010001100001001111101
06 rep=1 duty=30% position=6 payload=001110011010001100001001111101
07 rep=1 duty=25% position=7 payload=001110011010001100001001111101
08 rep=1 duty=10% position=8 payload=001110011010001100001001111101
09 rep=1 duty=1% position=9 timing-limited payload=001110011010001100001001111101
10 rep=2 duty=45% position=1 payload=001111110011110100101001011110
11 rep=2 duty=40% position=2 payload=001111110011110100101001011110
12 rep=2 duty=35% position=3 payload=001111110011110100101001011110
13 rep=2 duty=30% position=4 payload=001111110011110100101001011110
14 rep=2 duty=25% position=5 payload=001111110011110100101001011110
15 rep=2 duty=10% position=6 payload=001111110011110100101001011110
16 rep=2 duty=1% position=7 timing-limited payload=001111110011110100101001011110
17 rep=2 duty=100% position=8 payload=001111110011110100101001011110
18 rep=2 duty=50% position=9 payload=001111110011110100101001011110
19 rep=3 duty=35% position=1 payload=100001000001010001101010001010
20 rep=3 duty=30% position=2 payload=100001000001010001101010001010
21 rep=3 duty=25% position=3 payload=100001000001010001101010001010
22 rep=3 duty=10% position=4 payload=100001000001010001101010001010
23 rep=3 duty=1% position=5 timing-limited payload=100001000001010001101010001010
24 rep=3 duty=100% position=6 payload=100001000001010001101010001010
25 rep=3 duty=50% position=7 payload=100001000001010001101010001010
26 rep=3 duty=45% position=8 payload=100001000001010001101010001010
27 rep=3 duty=40% position=9 payload=100001000001010001101010001010
28 rep=4 duty=25% position=1 payload=111001000111101100010011100010
29 rep=4 duty=10% position=2 payload=111001000111101100010011100010
30 rep=4 duty=1% position=3 timing-limited payload=111001000111101100010011100010
31 rep=4 duty=100% position=4 payload=111001000111101100010011100010
32 rep=4 duty=50% position=5 payload=111001000111101100010011100010
33 rep=4 duty=45% position=6 payload=111001000111101100010011100010
34 rep=4 duty=40% position=7 payload=111001000111101100010011100010
35 rep=4 duty=35% position=8 payload=111001000111101100010011100010
36 rep=4 duty=30% position=9 payload=111001000111101100010011100010
37 rep=5 duty=1% position=1 timing-limited payload=100110101110100100011000100010
38 rep=5 duty=100% position=2 payload=100110101110100100011000100010
39 rep=5 duty=50% position=3 payload=100110101110100100011000100010
40 rep=5 duty=45% position=4 payload=100110101110100100011000100010
41 rep=5 duty=40% position=5 payload=100110101110100100011000100010
42 rep=5 duty=35% position=6 payload=100110101110100100011000100010
43 rep=5 duty=30% position=7 payload=100110101110100100011000100010
44 rep=5 duty=25% position=8 payload=100110101110100100011000100010
45 rep=5 duty=10% position=9 payload=100110101110100100011000100010
COIL OFF initial_wait=15s
RS18 01/45 START rep=1 duty=100% bits=0111111001111110001110011010001100001001111101110010100110100000101011110011000001000101010100111011110001
RS18 01 DONE duration=53.001s; COIL OFF gap=15s
RS18 02/45 START rep=1 duty=50% bits=0111111001111110001110011010001100001001111101110010100110100000101011110011000001000101010100111011110001
RS18 02 DONE duration=53.001s; COIL OFF gap=15s
RS18 03/45 START rep=1 duty=45% bits=0111111001111110001110011010001100001001111101110010100110100000101011110011000001000101010100111011110001
RS18 03 DONE duration=53.001s; COIL OFF gap=15s
RS18 04/45 START rep=1 duty=40% bits=0111111001111110001110011010001100001001111101110010100110100000101011110011000001000101010100111011110001
RS18 04 DONE duration=53.001s; COIL OFF gap=15s
RS18 05/45 START rep=1 duty=35% bits=0111111001111110001110011010001100001001111101110010100110100000101011110011000001000101010100111011110001
RS18 05 DONE duration=53.001s; COIL OFF gap=15s
RS18 06/45 START rep=1 duty=30% bits=0111111001111110001110011010001100001001111101110010100110100000101011110011000001000101010100111011110001
RS18 06 DONE duration=53.001s; COIL OFF gap=15s
RS18 07/45 START rep=1 duty=25% bits=0111111001111110001110011010001100001001111101110010100110100000101011110011000001000101010100111011110001
RS18 07 DONE duration=53.001s; COIL OFF gap=15s
RS18 08/45 START rep=1 duty=10% bits=0111111001111110001110011010001100001001111101110010100110100000101011110011000001000101010100111011110001
RS18 08 DONE duration=53.001s; COIL OFF gap=15s
RS18 09/45 START rep=1 duty=1% bits=0111111001111110001110011010001100001001111101110010100110100000101011110011000001000101010100111011110001
RS18 09 DONE duration=53.001s; COIL OFF gap=15s
RS18 10/45 START rep=2 duty=45% bits=0111111001111110001111110011110100101001011110100011101101100000101101011010011011111101111011110010100011
RS18 10 DONE duration=53.001s; COIL OFF gap=15s
RS18 11/45 START rep=2 duty=40% bits=0111111001111110001111110011110100101001011110100011101101100000101101011010011011111101111011110010100011
RS18 11 DONE duration=53.001s; COIL OFF gap=15s
RS18 12/45 START rep=2 duty=35% bits=0111111001111110001111110011110100101001011110100011101101100000101101011010011011111101111011110010100011
RS18 12 DONE duration=53.001s; COIL OFF gap=15s
RS18 13/45 START rep=2 duty=30% bits=0111111001111110001111110011110100101001011110100011101101100000101101011010011011111101111011110010100011
RS18 13 DONE duration=53.001s; COIL OFF gap=15s
RS18 14/45 START rep=2 duty=25% bits=0111111001111110001111110011110100101001011110100011101101100000101101011010011011111101111011110010100011
RS18 14 DONE duration=53.001s; COIL OFF gap=15s
RS18 15/45 START rep=2 duty=10% bits=0111111001111110001111110011110100101001011110100011101101100000101101011010011011111101111011110010100011
RS18 15 DONE duration=53.001s; COIL OFF gap=15s
RS18 16/45 START rep=2 duty=1% bits=0111111001111110001111110011110100101001011110100011101101100000101101011010011011111101111011110010100011
RS18 16 DONE duration=53.001s; COIL OFF gap=15s
RS18 17/45 START rep=2 duty=100% bits=0111111001111110001111110011110100101001011110100011101101100000101101011010011011111101111011110010100011
RS18 17 DONE duration=53.001s; COIL OFF gap=15s
RS18 18/45 START rep=2 duty=50% bits=0111111001111110001111110011110100101001011110100011101101100000101101011010011011111101111011110010100011
RS18 18 DONE duration=53.001s; COIL OFF gap=15s
RS18 19/45 START rep=3 duty=35% bits=0111111001111110100001000001010001101010001010011000000101100000001000101100100110101101111000101100100110
RS18 19 DONE duration=53.001s; COIL OFF gap=15s
RS18 20/45 START rep=3 duty=30% bits=0111111001111110100001000001010001101010001010011000000101100000001000101100100110101101111000101100100110
RS18 20 DONE duration=53.001s; COIL OFF gap=15s
RS18 21/45 START rep=3 duty=25% bits=0111111001111110100001000001010001101010001010011000000101100000001000101100100110101101111000101100100110
RS18 21 DONE duration=53.001s; COIL OFF gap=15s
RS18 22/45 START rep=3 duty=10% bits=0111111001111110100001000001010001101010001010011000000101100000001000101100100110101101111000101100100110
RS18 22 DONE duration=53.001s; COIL OFF gap=15s
RS18 23/45 START rep=3 duty=1% bits=0111111001111110100001000001010001101010001010011000000101100000001000101100100110101101111000101100100110
RS18 23 DONE duration=53.001s; COIL OFF gap=15s
RS18 24/45 START rep=3 duty=100% bits=0111111001111110100001000001010001101010001010011000000101100000001000101100100110101101111000101100100110
RS18 24 DONE duration=53.001s; COIL OFF gap=15s
RS18 25/45 START rep=3 duty=50% bits=0111111001111110100001000001010001101010001010011000000101100000001000101100100110101101111000101100100110
RS18 25 DONE duration=53.001s; COIL OFF gap=15s
RS18 26/45 START rep=3 duty=45% bits=0111111001111110100001000001010001101010001010011000000101100000001000101100100110101101111000101100100110
RS18 26 DONE duration=53.001s; COIL OFF gap=15s
RS18 27/45 START rep=3 duty=40% bits=0111111001111110100001000001010001101010001010011000000101100000001000101100100110101101111000101100100110
RS18 27 DONE duration=53.001s; COIL OFF gap=15s
RS18 28/45 START rep=4 duty=25% bits=0111111001111110111001000111101100010011100010100111110110111010100011000100100100010101100110100011100011
RS18 28 DONE duration=53.001s; COIL OFF gap=15s
RS18 29/45 START rep=4 duty=10% bits=0111111001111110111001000111101100010011100010100111110110111010100011000100100100010101100110100011100011
RS18 29 DONE duration=53.001s; COIL OFF gap=15s
RS18 30/45 START rep=4 duty=1% bits=0111111001111110111001000111101100010011100010100111110110111010100011000100100100010101100110100011100011
RS18 30 DONE duration=53.001s; COIL OFF gap=15s
RS18 31/45 START rep=4 duty=100% bits=0111111001111110111001000111101100010011100010100111110110111010100011000100100100010101100110100011100011
RS18 31 DONE duration=53.001s; COIL OFF gap=15s
RS18 32/45 START rep=4 duty=50% bits=0111111001111110111001000111101100010011100010100111110110111010100011000100100100010101100110100011100011
RS18 32 DONE duration=53.001s; COIL OFF gap=15s
RS18 33/45 START rep=4 duty=45% bits=0111111001111110111001000111101100010011100010100111110110111010100011000100100100010101100110100011100011
RS18 33 DONE duration=53.001s; COIL OFF gap=15s
RS18 34/45 START rep=4 duty=40% bits=0111111001111110111001000111101100010011100010100111110110111010100011000100100100010101100110100011100011
RS18 34 DONE duration=53.001s; COIL OFF gap=15s
RS18 35/45 START rep=4 duty=35% bits=0111111001111110111001000111101100010011100010100111110110111010100011000100100100010101100110100011100011
RS18 35 DONE duration=53.001s; COIL OFF gap=15s
RS18 36/45 START rep=4 duty=30% bits=0111111001111110111001000111101100010011100010100111110110111010100011000100100100010101100110100011100011
RS18 36 DONE duration=53.001s; COIL OFF gap=15s
RS18 37/45 START rep=5 duty=1% bits=0111111001111110100110101110100100011000100010110101101001110000010000011111100101001100011010011001001001
RS18 37 DONE duration=53.001s; COIL OFF gap=15s
RS18 38/45 START rep=5 duty=100% bits=0111111001111110100110101110100100011000100010110101101001110000010000011111100101001100011010011001001001
RS18 38 DONE duration=53.001s; COIL OFF gap=15s
RS18 39/45 START rep=5 duty=50% bits=0111111001111110100110101110100100011000100010110101101001110000010000011111100101001100011010011001001001
RS18 39 DONE duration=53.001s; COIL OFF gap=15s
RS18 40/45 START rep=5 duty=45% bits=0111111001111110100110101110100100011000100010110101101001110000010000011111100101001100011010011001001001
RS18 40 DONE duration=53.001s; COIL OFF gap=15s
RS18 41/45 START rep=5 duty=40% bits=0111111001111110100110101110100100011000100010110101101001110000010000011111100101001100011010011001001001
RS18 41 DONE duration=53.001s; COIL OFF gap=15s
RS18 42/45 START rep=5 duty=35% bits=0111111001111110100110101110100100011000100010110101101001110000010000011111100101001100011010011001001001
RS18 42 DONE duration=53.001s; COIL OFF gap=15s
RS18 43/45 START rep=5 duty=30% bits=0111111001111110100110101110100100011000100010110101101001110000010000011111100101001100011010011001001001
RS18 43 DONE duration=53.001s; COIL OFF gap=15s
RS18 44/45 START rep=5 duty=25% bits=0111111001111110100110101110100100011000100010110101101001110000010000011111100101001100011010011001001001
RS18 44 DONE duration=53.001s; COIL OFF gap=15s
RS18 45/45 START rep=5 duty=10% bits=0111111001111110100110101110100100011000100010110101101001110000010000011111100101001100011010011001001001
RS18 45 DONE duration=53.001s; COIL OFF gap=15s
COIL OFF final_wait=5s
RS18 EXPERIMENT COMPLETE manifest=rs18_experiment_11V_20260728_091828.transmitter.csv
